// Jest Snapshot v1, https://goo.gl/fbAQLP

exports[`<InputSwitch /> should render 1`] = `ShallowWrapper {}`;
