// Jest Snapshot v1, https://goo.gl/fbAQLP

exports[`<MovieProfilePrice /> should render 1`] = `ShallowWrapper {}`;
