// Jest Snapshot v1, https://goo.gl/fbAQLP

exports[`<Bid /> should render 1`] = `ReactWrapper {}`;
