// Jest Snapshot v1, https://goo.gl/fbAQLP

exports[`<Work /> should render 1`] = `ShallowWrapper {}`;
