// Jest Snapshot v1, https://goo.gl/fbAQLP

exports[`<SearchResults /> should render 1`] = `ShallowWrapper {}`;
