// Jest Snapshot v1, https://goo.gl/fbAQLP

exports[`<Search /> should render transfer modal 1`] = `ShallowWrapper {}`;
