// Jest Snapshot v1, https://goo.gl/fbAQLP

exports[`<SearchInput /> should render 1`] = `ShallowWrapper {}`;
