// Jest Snapshot v1, https://goo.gl/fbAQLP

exports[`<SearchItem /> should render 1`] = `ShallowWrapper {}`;
