// Jest Snapshot v1, https://goo.gl/fbAQLP

exports[`<TableStatus /> should render table status 1`] = `ShallowWrapper {}`;
