// Jest Snapshot v1, https://goo.gl/fbAQLP

exports[`<Festival /> should render 1`] = `ShallowWrapper {}`;
