// Jest Snapshot v1, https://goo.gl/fbAQLP

exports[`<HeaderButton /> should render 1`] = `ShallowWrapper {}`;
