// Jest Snapshot v1, https://goo.gl/fbAQLP

exports[`<MovieProfileUser /> should render 1`] = `ShallowWrapper {}`;
