// Jest Snapshot v1, https://goo.gl/fbAQLP

exports[`<MovieProfileHeader /> should render 1`] = `ShallowWrapper {}`;
