// Jest Snapshot v1, https://goo.gl/fbAQLP

exports[`<PosterMedia /> should render 1`] = `ShallowWrapper {}`;
