// Jest Snapshot v1, https://goo.gl/fbAQLP

exports[`<PosterFooter /> should render 1`] = `ShallowWrapper {}`;
