// Jest Snapshot v1, https://goo.gl/fbAQLP

exports[`<MovieProfileAcceptOffer /> should render 1`] = `ReactWrapper {}`;
