// Jest Snapshot v1, https://goo.gl/fbAQLP

exports[`<HomeSlider /> should render 1`] = `ShallowWrapper {}`;
