// Jest Snapshot v1, https://goo.gl/fbAQLP

exports[`<MovieCreatePreview /> should render 1`] = `ShallowWrapper {}`;
