// Jest Snapshot v1, https://goo.gl/fbAQLP

exports[`<MovieCreateForm /> should render 1`] = `ReactWrapper {}`;
