// Jest Snapshot v1, https://goo.gl/fbAQLP

exports[`App main component should render 1`] = `ShallowWrapper {}`;
