// Jest Snapshot v1, https://goo.gl/fbAQLP

exports[`<ImagePicker /> should render 1`] = `ShallowWrapper {}`;
