// Jest Snapshot v1, https://goo.gl/fbAQLP

exports[`<WalletButton/> should render 1`] = `ShallowWrapper {}`;
